// Jest Snapshot v1, https://goo.gl/fbAQLP

exports[`ProjectItem matches ProjectItem snapshot 1`] = `
<div>
  <span
    id="projectName1"
  >
    <h3
      id="projectHeader1"
    />
  </span>
  <a
    href="#"
    onClick={[Function]}
  >
    Edit
  </a>
  <button
    className="btn btn-outline-danger"
    disabled={false}
    onClick={[Function]}
    type="button"
  >
    Remove
  </button>
  <div
    style={
      Object {
        "paddingTop": "10px",
      }
    }
  >
    <form
      className=""
      onSubmit={[Function]}
    >
      <div
        className="mb-3 input-group"
      >
        <input
          aria-describedby="basic-addon2"
          aria-label="Task's name"
          className="form-control"
          name="new_task_name"
          onChange={[Function]}
          placeholder="Task's name"
          value=""
        />
        <div
          className="input-group-append"
        >
          <button
            className="btn btn-primary"
            disabled={false}
            type="submit"
          >
            Add Task
          </button>
        </div>
      </div>
    </form>
    <div
      className="list-group"
      onKeyDown={[Function]}
    />
  </div>
  <br />
</div>
`;
